SQL> GETDATE
SP2-0042: unknown command "GETDATE" - rest of line ignored.
SQL> SYSDATETIME
SP2-0734: unknown command beginning "SYSDATETIM..." - rest of line ignored.
SQL> GETDATE()
SP2-0042: unknown command "GETDATE()" - rest of line ignored.
SQL> GETDATE ()
SP2-0042: unknown command "GETDATE ()" - rest of line ignored.
SP2-0044: For a list of known commands enter HELP
and to leave enter EXIT.
SQL> HELP

 HELP
 ----

 Accesses this command line help system. Enter HELP INDEX or ? INDEX
 for a list of topics.

 You can view SQL*Plus resources at
     http://www.oracle.com/technology/documentation/

 ******************************************************************************
 **  Top 12.2 features:                                                      **
 **    - Fast retrieval of data as CSV for use in applications like          **
 **      SQL*Loader. Use SQLPLUS -M "CSV ON" or SET MARKUP CSV ON            **
 **    - Improved defaults and optimizations for reports. Use SQLPLUS -F     **
 **    - Command recall. Use SET HISTORY ON and HISTORY to list previous     **
 **      commands.                                                           **
 ******************************************************************************

 HELP|? [topic]


SQL> HELP INDEX

Enter Help [topic] for help.

 @             COPY         PASSWORD                 SHOW
 @@            DEFINE       PAUSE                    SHUTDOWN
 /             DEL          PRINT                    SPOOL
 ACCEPT        DESCRIBE     PROMPT                   SQLPLUS
 APPEND        DISCONNECT   QUIT                     START
 ARCHIVE LOG   EDIT         RECOVER                  STARTUP
 ATTRIBUTE     EXECUTE      REMARK                   STORE
 BREAK         EXIT         REPFOOTER                TIMING
 BTITLE        GET          REPHEADER                TTITLE
 CHANGE        HELP         RESERVED WORDS (SQL)     UNDEFINE
 CLEAR         HISTORY      RESERVED WORDS (PL/SQL)  VARIABLE
 COLUMN        HOST         RUN                      WHENEVER OSERROR
 COMPUTE       INPUT        SAVE                     WHENEVER SQLERROR
 CONNECT       LIST         SET                      XQUERY


SQL> SELECT SYSDATETIME();
SELECT SYSDATETIME()
                   *
ERROR at line 1:
ORA-00923: FROM keyword not found where expected 


SQL> SELECT CONVERT(DATE, SYSDATETIME());
SELECT CONVERT(DATE, SYSDATETIME())
               *
ERROR at line 1:
ORA-00936: missing expression 


SQL> SELECT DNI
  2  FROM PLAN_DOCENTE
  3  WHERE FI=TO_DATE('2009-09-01', 'YYYY-MM-DD');

       DNI                                                                      
----------                                                                      
      1010                                                                      
      1111                                                                      
      2222                                                                      
      3030                                                                      
      3333                                                                      
      8888                                                                      

6 rows selected.

SQL> SELECT SYSDATETIME()
  2  FROM DUAL;
SELECT SYSDATETIME()
       *
ERROR at line 1:
ORA-00904: "SYSDATETIME": invalid identifier 


SQL> SELECT CONVERT (date, SYSDATETIME())
  2  FROM DUAL;
SELECT CONVERT (date, SYSDATETIME())
                *
ERROR at line 1:
ORA-00936: missing expression 


SQL> GETDATE();
SP2-0042: unknown command "GETDATE()" - rest of line ignored.
SQL> SELECT GETDATE();
SELECT GETDATE()
               *
ERROR at line 1:
ORA-00923: FROM keyword not found where expected 


SQL> SELECT SYSDATETIMEOFFSET();
SELECT SYSDATETIMEOFFSET()
                         *
ERROR at line 1:
ORA-00923: FROM keyword not found where expected 


SQL> SELECT SYSUTCDATETIME();
SELECT SYSUTCDATETIME()
                      *
ERROR at line 1:
ORA-00923: FROM keyword not found where expected 


SQL> SELECT CURRENT_TIMESTAMP();
SELECT CURRENT_TIMESTAMP()
                         *
ERROR at line 1:
ORA-30088: datetime/interval precision is out of range 


SQL> SELECT GETDATE();
SELECT GETDATE()
               *
ERROR at line 1:
ORA-00923: FROM keyword not found where expected 


SQL> SELECT GETDATE();
SELECT GETDATE()
               *
ERROR at line 1:
ORA-00923: FROM keyword not found where expected 


SQL> SELECT GETUTCDATE();
SELECT GETUTCDATE()
                  *
ERROR at line 1:
ORA-00923: FROM keyword not found where expected 


SQL> SELECT SYSDATETIME();
SELECT SYSDATETIME()
                   *
ERROR at line 1:
ORA-00923: FROM keyword not found where expected 


SQL> DAY-MONTH-YEAR
SP2-0734: unknown command beginning "DAY-MONTH-..." - rest of line ignored.
SQL> SELECT *
  2  FROM DUAL;

D                                                                               
-                                                                               
X                                                                               

SQL> SELECT GETDATE()
  2  FROM DUAL;
SELECT GETDATE()
       *
ERROR at line 1:
ORA-00904: "GETDATE": invalid identifier 


SQL> SELECT *
  2  FROM DUAL
  3  WHERE D=GETDATE();
WHERE D=GETDATE()
        *
ERROR at line 3:
ORA-00904: "GETDATE": invalid identifier 


SQL> SELECT GETDATE
  2  FROM DUAL;
SELECT GETDATE
       *
ERROR at line 1:
ORA-00904: "GETDATE": invalid identifier 


SQL> SELECT SYSDATE
  2  FROM DUAL;

SYSDATE                                                                         
---------                                                                       
21-NOV-19                                                                       

SQL> SELECT 1
  2  FROM DUAL;

         1                                                                      
----------                                                                      
         1                                                                      

SQL> SELECT TO_CHAR(SYSTIMESTAMP, 'HH:MI:SS')
  2  FROM DUAL;

TO_CHAR(                                                                        
--------                                                                        
12:57:25                                                                        

SQL> SELECT TO_CHAR(SYSTIMESTAMP, 'HH:MI:SS') AS HORA
  2  FROM DUAL;

HORA                                                                            
--------                                                                        
12:57:51                                                                        

SQL> SELECT SYSDATE AS FECHA
  2  FROM DUAL;

FECHA                                                                           
---------                                                                       
21-NOV-19                                                                       

SQL> SELECT TO_CHAR(SYSTIMESTAMP, 'DD-MON-YYYY') AS FECHA
  2  FROM DUAL;

FECHA                                                                           
--------------------                                                            
21-NOV-2019                                                                     

SQL> SELECT TO_CHAR(SYSTIMESTAMP, 'DD-MM-YYYY') AS FECHA
  2  FROM DUAL;

FECHA                                                                           
----------                                                                      
21-11-2019                                                                      

SQL> SELECT TO_CHAR(SYSTIMESTAMP, 'DAY DD-MM-YYYY') AS FECHA
  2  FROM DUAL;

FECHA                                                                           
-----------------------------------------------                                 
THURSDAY  21-11-2019                                                            

SQL> SELECT TO_CHAR(SYSTIMESTAMP, 'HH24:MI:SS') AS HORA
  2  FROM DUAL;

HORA                                                                            
--------                                                                        
13:04:53                                                                        

SQL> SELECT TO_CHAR(SYSTIMESTAMP, 'HH24:MM:SS') AS HORA
  2  FROM DUAL;

HORA                                                                            
--------                                                                        
13:11:02                                                                        

SQL> SELECT TO_CHAR(SYSTIMESTAMP, 'HH24:MI:SS') AS HORA
  2  FROM DUAL;

HORA                                                                            
--------                                                                        
13:05:14                                                                        

SQL> SELECT TO_CHAR(SYSTIMESTAMP, 'HH24:MI:SS') AS HORA
  2  FROM DUAL;

HORA                                                                            
--------                                                                        
13:05:34                                                                        

SQL> SELECT TO_CHAR(SYSTIMESTAMP, 'HH24:MI:SS') AS HORA
  2  FROM DUAL;

HORA                                                                            
--------                                                                        
13:06:00                                                                        

SQL> SELECT TO_CHAR(SYSTIMESTAMP, 'HH24:MM:SS') AS HORA
  2  FROM DUAL;

HORA                                                                            
--------                                                                        
13:11:06                                                                        

SQL> SOLO HE HECHO HASTA LA 4 XD
SP2-0734: unknown command beginning "SOLO HE HE..." - rest of line ignored.
SQL> SELECT USER
  2  FROM DUAL;

USER                                                                            
--------------------------------------------------------------------------------
ALU0100898026                                                                   

SQL> SELECT DATEDIFF(DAY, SYSDATE, FI) AS N_DIAS
  2  FROM PLAN_DOCENTE
  3  WHERE DNI=8888 AND CAS=11;
SELECT DATEDIFF(DAY, SYSDATE, FI) AS N_DIAS
       *
ERROR at line 1:
ORA-00904: "DATEDIFF": invalid identifier 


SQL> SELECT DAYS_BETWEEN(SYSDATE, FI) AS N_DIAS
  2  FROM PLAN_DOCENTE
  3  WHERE DNI=8888 AND CAS=11;
SELECT DAYS_BETWEEN(SYSDATE, FI) AS N_DIAS
       *
ERROR at line 1:
ORA-00904: "DAYS_BETWEEN": invalid identifier 


SQL> SELECT (TO_DATE(SYSDATE, 'DD-MM-YYYY') - TO_DATE(FI, 'DD-MM-YYYY')) AS N_DIAS
  2  FROM PLAN_DOCENTE
  3  WHERE DNI=8888 AND CAS=11;

    N_DIAS                                                                      
----------                                                                      
      3733                                                                      

SQL> AQUI ESTA EL 5, LA POLLA
SP2-0734: unknown command beginning "AQUI ESTA ..." - rest of line ignored.
SQL> BASES DE GRADO EN INGENIERDatosA INFORMCTICA b C
SP2-0734: unknown command beginning "BASES DE G..." - rest of line ignored.
SQL> A DE DATOSMII171.501.55INFORMCTICA BCSICAGII1731.51.56CLGEBRAGII113307CCLCULOGII183308OPTIMIZACICCC
  3* WHERE DNI=8888 AND CAS=11DE DATOSMII171.501.55INFORMCTICA BCSICAGII1731.51.56CLGEBRAGII113307CCLCULOGII183308OPTIMIZACICCC
SQL> SELECT *
  2  FROM DEPARTAMENTO;

        CD D                                                                    
---------- ------------------------------------------------------------         
         1 ANALISIS MATEMATICO                                                  
         2 ASTROFISICA                                                          
         3 ESTADISTICA, INVESTIGACION OPERATIVA Y COMPUTACION                   
         4 MATEMATICA FUNDAMENTAL                                               

SQL> SELECT *
  2  FROM AREA;

       CAR AR                                                                   
---------- ------------------------------------------------------------         
        CD                                                                      
----------                                                                      
         1 ALGEBRA                                                              
         4                                                                      
                                                                                
         2 ANALISIS MATEMATICO                                                  
         1                                                                      
                                                                                
         3 ASTRONOMIA Y ASTROFISICA                                             
         2                                                                      
                                                                                

       CAR AR                                                                   
---------- ------------------------------------------------------------         
        CD                                                                      
----------                                                                      
         4 CIENCIAS DE LA COMPUTACION E INTELIGENCIA ARTIFICIAL                 
         3                                                                      
                                                                                
         5 DIDACTICA DE LA MATEMATICA                                           
         1                                                                      
                                                                                
         6 ESTADISTICA E INVESTIGACION OPERATIVA                                
         3                                                                      
                                                                                

       CAR AR                                                                   
---------- ------------------------------------------------------------         
        CD                                                                      
----------                                                                      
         7 LENGUAJES Y SISTEMAS INFORMATICOS                                    
         3                                                                      
                                                                                
         8 MATEMATICA APLICADA                                                  
         1                                                                      
                                                                                

8 rows selected.

SQL> SET PAGESIZE 250
SQL> SET LINESIZE 150
SQL> SELECT *
  2  FROM AREA;

       CAR AR                                                                   CD                                                                    
---------- ------------------------------------------------------------ ----------                                                                    
         1 ALGEBRA                                                               4                                                                    
         2 ANALISIS MATEMATICO                                                   1                                                                    
         3 ASTRONOMIA Y ASTROFISICA                                              2                                                                    
         4 CIENCIAS DE LA COMPUTACION E INTELIGENCIA ARTIFICIAL                  3                                                                    
         5 DIDACTICA DE LA MATEMATICA                                            1                                                                    
         6 ESTADISTICA E INVESTIGACION OPERATIVA                                 3                                                                    
         7 LENGUAJES Y SISTEMAS INFORMATICOS                                     3                                                                    
         8 MATEMATICA APLICADA                                                   1                                                                    

8 rows selected.

SQL> SELECT *
  2  FROM ASIGNATURA;

       CAS A                                                  T           CUR        CAR         CT         CP         CL                             
---------- -------------------------------------------------- ---- ---------- ---------- ---------- ---------- ----------                             
         1 BASES DE DATOS                                     GII           3          7          3        1.5        1.5                             
         2 INTELIGENCIA ARTIFICIAL                            GII           3          4        1.5        1.5          3                             
         3 ALMACENES DE DATOS                                 MII           1          7        1.5          0        1.5                             
         4 MINERIA DE DATOS                                   MII           1          7        1.5          0        1.5                             
         5 INFORMATICA BASICA                                 GII           1          7          3        1.5        1.5                             
         6 ALGEBRA                                            GII           1          1          3          3          0                             
         7 CALCULO                                            GII           1          8          3          3          0                             
         8 OPTIMIZACION                                       GII           1          6          3        1.5        1.5                             
         9 GESTION DE RIESGOS                                 GII           3          4          3          0          3                             
        10 ASTRONOMIA                                         GF            2          3          3        1.5        1.5                             
        11 ENSENANZA DE LA MATEMATICA                         GM            2          5          6          0          0                             
        12 ANALISIS COMPLEJO                                  GM            4          2        4.5          3          0                             

12 rows selected.

SQL> SELECT DISTINCT P
  2  FROM PROFESOR, PLAN_DOCENTE
  3  WHERE PROFESOR.DNI = PLAN_DOCENTE.DNI AND
  4  
SQL> 
SQL> SELECT DISTINCT P
  2  FROM PROFESOR, PLAN_DOCENTE
  3  WHERE PROFESOR.DNI = PLAN_DOCENTE.DNI AND   3  WHERE PROFESOR.DNI = PLAN_DOCENTE.DNI AND
  4  
SQL> SELECT DISTINCT P
  2  FROM PROFESOR, PLAN_DOCENTE
  3  FROM PROFESOR, PLAN_DOCENTE
  4  
SQL> 
SQL> SELECT DISTINCT P
  2  FROM PROFESOR, PLAN_DOCENTE
  3  WHERE PROFESOR.DNI = PLAN_DOCENTE.DNI AND (TO_DATE(SYSDATE, 'DD-MM-YYYY') - TO_DATE(FI, 'DD-MM-YYYY'));
WHERE PROFESOR.DNI = PLAN_DOCENTE.DNI AND (TO_DATE(SYSDATE, 'DD-MM-YYYY') - TO_DATE(FI, 'DD-MM-YYYY'))
                                                                                                     *
ERROR at line 3:
ORA-00920: invalid relational operator 


SQL> SELECT DISTINCT P, (TO_DATE(SYSDATE, 'DD-MM-YYYY') - TO_DATE(FI, 'DD-MM-YYYY')) AS DIAS
  2  FROM PROFESOR, PLAN_DOCENTE
  3  WHERE PROFESOR.DNI = PLAN_DOCENTE.DNI;

P                                                                  DIAS                                                                               
------------------------------------------------------------ ----------                                                                               
JOSE MANUEL                                                        3733                                                                               
PEDRO                                                              4098                                                                               
MARIA                                                              4098                                                                               
DAVID                                                              4098                                                                               
CARLOS                                                             3733                                                                               
CARMEN                                                             4098                                                                               
FRANCISCO                                                          3733                                                                               
JUAN                                                               3733                                                                               
SOLEDAD                                                            4098                                                                               
CARLOS                                                             4829                                                                               
JUAN                                                               4464                                                                               
MARIO                                                              3368                                                                               
DAVID                                                              3733                                                                               
PEDRO                                                              3733                                                                               
MARIA                                                              3368                                                                               
ANGELA                                                             3368                                                                               
DAVID                                                              5194                                                                               
MARIA                                                              3003                                                                               
IVAN                                                               3522                                                                               

19 rows selected.

SQL> SELECT DISTINCT P, (TO_DATE(FF, 'DD-MM-YYYY') - TO_DATE(FI, 'DD-MM-YYYY')) AS DIAS
  2  FROM PROFESOR, PLAN_DOCENTE
  3  WHERE PROFESOR.DNI = PLAN_DOCENTE.DNI;

P                                                                  DIAS                                                                               
------------------------------------------------------------ ----------                                                                               
JUAN                                                                730                                                                               
MARIO                                                                                                                                                 
DAVID                                                              1095                                                                               
SOLEDAD                                                                                                                                               
CARLOS                                                                                                                                                
ANGELA                                                                                                                                                
DAVID                                                                                                                                                 
IVAN                                                                                                                                                  
DAVID                                                               364                                                                               
JUAN                                                                                                                                                  
JOSE MANUEL                                                                                                                                           
CARMEN                                                             1094                                                                               
CARLOS                                                              364                                                                               
PEDRO                                                                                                                                                 
MARIA                                                                                                                                                 
MARIA                                                               729                                                                               
FRANCISCO                                                                                                                                             

17 rows selected.

SQL> SELECT DISTINCT P
  2  FROM PROFESOR, PLAN_DOCENTE
  3  WHERE PROFESOR.DNI = PLAN_DOCENTE.DNI AND 365 > (TO_DATE(FF, 'DD-MM-YYYY') - TO_DATE(FI, 'DD-MM-YYYY'));

P                                                                                                                                                     
------------------------------------------------------------                                                                                          
CARLOS                                                                                                                                                
DAVID                                                                                                                                                 

SQL> SELECT FI, CASE WHEN FF IS NULL THEN SYSDATE ELSE FF END
  2  FROM PROFESOR, PLAN_DOCENTE
  3  ;

FI        CASEWHENF                                                                                                                                   
--------- ---------                                                                                                                                   
01-SEP-05 31-AUG-08                                                                                                                                   
01-SEP-05 31-AUG-08                                                                                                                                   
01-SEP-05 31-AUG-08                                                                                                                                   
01-SEP-05 31-AUG-08                                                                                                                                   
01-SEP-05 31-AUG-08                                                                                                                                   
01-SEP-05 31-AUG-08                                                                                                                                   
01-SEP-05 31-AUG-08                                                                                                                                   
01-SEP-05 31-AUG-08                                                                                                                                   
01-SEP-05 31-AUG-08                                                                                                                                   
01-SEP-05 31-AUG-08                                                                                                                                   
01-SEP-05 31-AUG-08                                                                                                                                   
01-SEP-05 31-AUG-08                                                                                                                                   
01-SEP-08 21-NOV-19                                                                                                                                   
01-SEP-08 21-NOV-19                                                                                                                                   
01-SEP-08 21-NOV-19                                                                                                                                   
01-SEP-08 21-NOV-19                                                                                                                                   
01-SEP-08 21-NOV-19                                                                                                                                   
01-SEP-08 21-NOV-19                                                                                                                                   
01-SEP-08 21-NOV-19                                                                                                                                   
01-SEP-08 21-NOV-19                                                                                                                                   
01-SEP-08 21-NOV-19                                                                                                                                   
01-SEP-08 21-NOV-19                                                                                                                                   
01-SEP-08 21-NOV-19                                                                                                                                   
01-SEP-08 21-NOV-19                                                                                                                                   
01-SEP-11 21-NOV-19                                                                                                                                   
01-SEP-11 21-NOV-19                                                                                                                                   
01-SEP-11 21-NOV-19                                                                                                                                   
01-SEP-11 21-NOV-19                                                                                                                                   
01-SEP-11 21-NOV-19                                                                                                                                   
01-SEP-11 21-NOV-19                                                                                                                                   
01-SEP-11 21-NOV-19                                                                                                                                   
01-SEP-11 21-NOV-19                                                                                                                                   
01-SEP-11 21-NOV-19                                                                                                                                   
01-SEP-11 21-NOV-19                                                                                                                                   
01-SEP-11 21-NOV-19                                                                                                                                   
01-SEP-11 21-NOV-19                                                                                                                                   
01-SEP-08 31-AUG-10                                                                                                                                   
01-SEP-08 31-AUG-10                                                                                                                                   
01-SEP-08 31-AUG-10                                                                                                                                   
01-SEP-08 31-AUG-10                                                                                                                                   
01-SEP-08 31-AUG-10                                                                                                                                   
01-SEP-08 31-AUG-10                                                                                                                                   
01-SEP-08 31-AUG-10                                                                                                                                   
01-SEP-08 31-AUG-10                                                                                                                                   
01-SEP-08 31-AUG-10                                                                                                                                   
01-SEP-08 31-AUG-10                                                                                                                                   
01-SEP-08 31-AUG-10                                                                                                                                   
01-SEP-08 31-AUG-10                                                                                                                                   
01-SEP-10 21-NOV-19                                                                                                                                   
01-SEP-10 21-NOV-19                                                                                                                                   
01-SEP-10 21-NOV-19                                                                                                                                   
01-SEP-10 21-NOV-19                                                                                                                                   
01-SEP-10 21-NOV-19                                                                                                                                   
01-SEP-10 21-NOV-19                                                                                                                                   
01-SEP-10 21-NOV-19                                                                                                                                   
01-SEP-10 21-NOV-19                                                                                                                                   
01-SEP-10 21-NOV-19                                                                                                                                   
01-SEP-10 21-NOV-19                                                                                                                                   
01-SEP-10 21-NOV-19                                                                                                                                   
01-SEP-10 21-NOV-19                                                                                                                                   
01-SEP-07 31-AUG-09                                                                                                                                   
01-SEP-07 31-AUG-09                                                                                                                                   
01-SEP-07 31-AUG-09                                                                                                                                   
01-SEP-07 31-AUG-09                                                                                                                                   
01-SEP-07 31-AUG-09                                                                                                                                   
01-SEP-07 31-AUG-09                                                                                                                                   
01-SEP-07 31-AUG-09                                                                                                                                   
01-SEP-07 31-AUG-09                                                                                                                                   
01-SEP-07 31-AUG-09                                                                                                                                   
01-SEP-07 31-AUG-09                                                                                                                                   
01-SEP-07 31-AUG-09                                                                                                                                   
01-SEP-07 31-AUG-09                                                                                                                                   
01-SEP-09 21-NOV-19                                                                                                                                   
01-SEP-09 21-NOV-19                                                                                                                                   
01-SEP-09 21-NOV-19                                                                                                                                   
01-SEP-09 21-NOV-19                                                                                                                                   
01-SEP-09 21-NOV-19                                                                                                                                   
01-SEP-09 21-NOV-19                                                                                                                                   
01-SEP-09 21-NOV-19                                                                                                                                   
01-SEP-09 21-NOV-19                                                                                                                                   
01-SEP-09 21-NOV-19                                                                                                                                   
01-SEP-09 21-NOV-19                                                                                                                                   
01-SEP-09 21-NOV-19                                                                                                                                   
01-SEP-09 21-NOV-19                                                                                                                                   
01-SEP-09 21-NOV-19                                                                                                                                   
01-SEP-09 21-NOV-19                                                                                                                                   
01-SEP-09 21-NOV-19                                                                                                                                   
01-SEP-09 21-NOV-19                                                                                                                                   
01-SEP-09 21-NOV-19                                                                                                                                   
01-SEP-09 21-NOV-19                                                                                                                                   
01-SEP-09 21-NOV-19                                                                                                                                   
01-SEP-09 21-NOV-19                                                                                                                                   
01-SEP-09 21-NOV-19                                                                                                                                   
01-SEP-09 21-NOV-19                                                                                                                                   
01-SEP-09 21-NOV-19                                                                                                                                   
01-SEP-09 21-NOV-19                                                                                                                                   
01-SEP-09 21-NOV-19                                                                                                                                   
01-SEP-09 21-NOV-19                                                                                                                                   
01-SEP-09 21-NOV-19                                                                                                                                   
01-SEP-09 21-NOV-19                                                                                                                                   
01-SEP-09 21-NOV-19                                                                                                                                   
01-SEP-09 21-NOV-19                                                                                                                                   
01-SEP-09 21-NOV-19                                                                                                                                   
01-SEP-09 21-NOV-19                                                                                                                                   
01-SEP-09 21-NOV-19                                                                                                                                   
01-SEP-09 21-NOV-19                                                                                                                                   
01-SEP-09 21-NOV-19                                                                                                                                   
01-SEP-09 21-NOV-19                                                                                                                                   
01-SEP-06 31-AUG-07                                                                                                                                   
01-SEP-06 31-AUG-07                                                                                                                                   
01-SEP-06 31-AUG-07                                                                                                                                   
01-SEP-06 31-AUG-07                                                                                                                                   
01-SEP-06 31-AUG-07                                                                                                                                   
01-SEP-06 31-AUG-07                                                                                                                                   
01-SEP-06 31-AUG-07                                                                                                                                   
01-SEP-06 31-AUG-07                                                                                                                                   
01-SEP-06 31-AUG-07                                                                                                                                   
01-SEP-06 31-AUG-07                                                                                                                                   
01-SEP-06 31-AUG-07                                                                                                                                   
01-SEP-06 31-AUG-07                                                                                                                                   
01-SEP-08 31-AUG-09                                                                                                                                   
01-SEP-08 31-AUG-09                                                                                                                                   
01-SEP-08 31-AUG-09                                                                                                                                   
01-SEP-08 31-AUG-09                                                                                                                                   
01-SEP-08 31-AUG-09                                                                                                                                   
01-SEP-08 31-AUG-09                                                                                                                                   
01-SEP-08 31-AUG-09                                                                                                                                   
01-SEP-08 31-AUG-09                                                                                                                                   
01-SEP-08 31-AUG-09                                                                                                                                   
01-SEP-08 31-AUG-09                                                                                                                                   
01-SEP-08 31-AUG-09                                                                                                                                   
01-SEP-08 31-AUG-09                                                                                                                                   
01-SEP-09 21-NOV-19                                                                                                                                   
01-SEP-09 21-NOV-19                                                                                                                                   
01-SEP-09 21-NOV-19                                                                                                                                   
01-SEP-09 21-NOV-19                                                                                                                                   
01-SEP-09 21-NOV-19                                                                                                                                   
01-SEP-09 21-NOV-19                                                                                                                                   
01-SEP-09 21-NOV-19                                                                                                                                   
01-SEP-09 21-NOV-19                                                                                                                                   
01-SEP-09 21-NOV-19                                                                                                                                   
01-SEP-09 21-NOV-19                                                                                                                                   
01-SEP-09 21-NOV-19                                                                                                                                   
01-SEP-09 21-NOV-19                                                                                                                                   
01-SEP-10 21-NOV-19                                                                                                                                   
01-SEP-10 21-NOV-19                                                                                                                                   
01-SEP-10 21-NOV-19                                                                                                                                   
01-SEP-10 21-NOV-19                                                                                                                                   
01-SEP-10 21-NOV-19                                                                                                                                   
01-SEP-10 21-NOV-19                                                                                                                                   
01-SEP-10 21-NOV-19                                                                                                                                   
01-SEP-10 21-NOV-19                                                                                                                                   
01-SEP-10 21-NOV-19                                                                                                                                   
01-SEP-10 21-NOV-19                                                                                                                                   
01-SEP-10 21-NOV-19                                                                                                                                   
01-SEP-10 21-NOV-19                                                                                                                                   
31-MAR-10 21-NOV-19                                                                                                                                   
31-MAR-10 21-NOV-19                                                                                                                                   
31-MAR-10 21-NOV-19                                                                                                                                   
31-MAR-10 21-NOV-19                                                                                                                                   
31-MAR-10 21-NOV-19                                                                                                                                   
31-MAR-10 21-NOV-19                                                                                                                                   
31-MAR-10 21-NOV-19                                                                                                                                   
31-MAR-10 21-NOV-19                                                                                                                                   
31-MAR-10 21-NOV-19                                                                                                                                   
31-MAR-10 21-NOV-19                                                                                                                                   
31-MAR-10 21-NOV-19                                                                                                                                   
31-MAR-10 21-NOV-19                                                                                                                                   
01-SEP-08 31-AUG-11                                                                                                                                   
01-SEP-08 31-AUG-11                                                                                                                                   
01-SEP-08 31-AUG-11                                                                                                                                   
01-SEP-08 31-AUG-11                                                                                                                                   
01-SEP-08 31-AUG-11                                                                                                                                   
01-SEP-08 31-AUG-11                                                                                                                                   
01-SEP-08 31-AUG-11                                                                                                                                   
01-SEP-08 31-AUG-11                                                                                                                                   
01-SEP-08 31-AUG-11                                                                                                                                   
01-SEP-08 31-AUG-11                                                                                                                                   
01-SEP-08 31-AUG-11                                                                                                                                   
01-SEP-08 31-AUG-11                                                                                                                                   
01-SEP-09 21-NOV-19                                                                                                                                   
01-SEP-09 21-NOV-19                                                                                                                                   
01-SEP-09 21-NOV-19                                                                                                                                   
01-SEP-09 21-NOV-19                                                                                                                                   
01-SEP-09 21-NOV-19                                                                                                                                   
01-SEP-09 21-NOV-19                                                                                                                                   
01-SEP-09 21-NOV-19                                                                                                                                   
01-SEP-09 21-NOV-19                                                                                                                                   
01-SEP-09 21-NOV-19                                                                                                                                   
01-SEP-09 21-NOV-19                                                                                                                                   
01-SEP-09 21-NOV-19                                                                                                                                   
01-SEP-09 21-NOV-19                                                                                                                                   
01-SEP-08 21-NOV-19                                                                                                                                   
01-SEP-08 21-NOV-19                                                                                                                                   
01-SEP-08 21-NOV-19                                                                                                                                   
01-SEP-08 21-NOV-19                                                                                                                                   
01-SEP-08 21-NOV-19                                                                                                                                   
01-SEP-08 21-NOV-19                                                                                                                                   
01-SEP-08 21-NOV-19                                                                                                                                   
01-SEP-08 21-NOV-19                                                                                                                                   
01-SEP-08 21-NOV-19                                                                                                                                   
01-SEP-08 21-NOV-19                                                                                                                                   
01-SEP-08 21-NOV-19                                                                                                                                   
01-SEP-08 21-NOV-19                                                                                                                                   
01-SEP-10 21-NOV-19                                                                                                                                   
01-SEP-10 21-NOV-19                                                                                                                                   
01-SEP-10 21-NOV-19                                                                                                                                   
01-SEP-10 21-NOV-19                                                                                                                                   
01-SEP-10 21-NOV-19                                                                                                                                   
01-SEP-10 21-NOV-19                                                                                                                                   
01-SEP-10 21-NOV-19                                                                                                                                   
01-SEP-10 21-NOV-19                                                                                                                                   
01-SEP-10 21-NOV-19                                                                                                                                   
01-SEP-10 21-NOV-19                                                                                                                                   
01-SEP-10 21-NOV-19                                                                                                                                   
01-SEP-10 21-NOV-19                                                                                                                                   
01-SEP-09 21-NOV-19                                                                                                                                   
01-SEP-09 21-NOV-19                                                                                                                                   
01-SEP-09 21-NOV-19                                                                                                                                   
01-SEP-09 21-NOV-19                                                                                                                                   
01-SEP-09 21-NOV-19                                                                                                                                   
01-SEP-09 21-NOV-19                                                                                                                                   
01-SEP-09 21-NOV-19                                                                                                                                   
01-SEP-09 21-NOV-19                                                                                                                                   
01-SEP-09 21-NOV-19                                                                                                                                   
01-SEP-09 21-NOV-19                                                                                                                                   
01-SEP-09 21-NOV-19                                                                                                                                   
01-SEP-09 21-NOV-19                                                                                                                                   

228 rows selected.

SQL> SELECT FI, CASE WHEN FF IS NULL THEN SYSDATE ELSE FF END
  2  FROM PLAN_DOCENTE;

FI        CASEWHENF                                                                                                                                   
--------- ---------                                                                                                                                   
01-SEP-05 31-AUG-08                                                                                                                                   
01-SEP-08 21-NOV-19                                                                                                                                   
01-SEP-11 21-NOV-19                                                                                                                                   
01-SEP-08 31-AUG-10                                                                                                                                   
01-SEP-10 21-NOV-19                                                                                                                                   
01-SEP-07 31-AUG-09                                                                                                                                   
01-SEP-09 21-NOV-19                                                                                                                                   
01-SEP-09 21-NOV-19                                                                                                                                   
01-SEP-09 21-NOV-19                                                                                                                                   
01-SEP-06 31-AUG-07                                                                                                                                   
01-SEP-08 31-AUG-09                                                                                                                                   
01-SEP-09 21-NOV-19                                                                                                                                   
01-SEP-10 21-NOV-19                                                                                                                                   
31-MAR-10 21-NOV-19                                                                                                                                   
01-SEP-08 31-AUG-11                                                                                                                                   
01-SEP-09 21-NOV-19                                                                                                                                   
01-SEP-08 21-NOV-19                                                                                                                                   
01-SEP-10 21-NOV-19                                                                                                                                   
01-SEP-09 21-NOV-19                                                                                                                                   

19 rows selected.

SQL> SELECT DISTINCT P
  2  FROM PROFESOR, (SELECT DNI,CAS,CTA,CPA,CLA,FI,CASE FF IS NULL THEN SYSDATE ELSE FF END FROM PLAN_DOCENTE)
  3  WHERE PROFESOR.DNI=PLAN_DONCENTE.DNI AND 365 > (TO_DATE(CASEWHENF, 'DD-MM-YYYY') - TO_DATE(FI, 'DD-MM-YYYY'));
FROM PROFESOR, (SELECT DNI,CAS,CTA,CPA,CLA,FI,CASE FF IS NULL THEN SYSDATE ELSE FF END FROM PLAN_DOCENTE)
                                                      *
ERROR at line 2:
ORA-00923: FROM keyword not found where expected 


SQL> SELECT DISTINCT P
  2  FROM PROFESOR, (SELECT DNI,CAS,CTA,CPA,CLA,FI,CASE WHEN FF IS NULL THEN SYSDATE ELSE FF END FROM PLAN_DOCENTE)
  3  WHERE PROFESOR.DNI=PLAN_DONCENTE.DNI AND 365 > (TO_DATE(CASEWHENF, 'DD-MM-YYYY') - TO_DATE(FI, 'DD-MM-YYYY'));
WHERE PROFESOR.DNI=PLAN_DONCENTE.DNI AND 365 > (TO_DATE(CASEWHENF, 'DD-MM-YYYY') - TO_DATE(FI, 'DD-MM-YYYY'))
                                                        *
ERROR at line 3:
ORA-00904: "CASEWHENF": invalid identifier 


SQL> SELECT DISTINCT P
  2  FROM PROFESOR, (SELECT DNI,CAS,CTA,CPA,CLA,FI,CASE WHEN FF IS NULL THEN SYSDATE ELSE FF END AS FF FROM PLAN_DOCENTE)
  3  WHERE PROFESOR.DNI=PLAN_DONCENTE.DNI AND 365 > (TO_DATE(FF, 'DD-MM-YYYY') - TO_DATE(FI, 'DD-MM-YYYY'));
WHERE PROFESOR.DNI=PLAN_DONCENTE.DNI AND 365 > (TO_DATE(FF, 'DD-MM-YYYY') - TO_DATE(FI, 'DD-MM-YYYY'))
                   *
ERROR at line 3:
ORA-00904: "PLAN_DONCENTE"."DNI": invalid identifier 


SQL> SELECT DISTINCT P
  2  FROM PROFESOR, (SELECT DNI,CAS,CTA,CPA,CLA,FI,CASE WHEN FF IS NULL THEN SYSDATE ELSE FF END AS FF FROM PLAN_DOCENTE) AS PLAN_DOCENTE
  3  WHERE PROFESOR.DNI=PLAN_DONCENTE.DNI AND 365 > (TO_DATE(FF, 'DD-MM-YYYY') - TO_DATE(FI, 'DD-MM-YYYY'));
FROM PROFESOR, (SELECT DNI,CAS,CTA,CPA,CLA,FI,CASE WHEN FF IS NULL THEN SYSDATE ELSE FF END AS FF FROM PLAN_DOCENTE) AS PLAN_DOCENTE
                                                                                                                     *
ERROR at line 2:
ORA-00933: SQL command not properly ended 


SQL> SELECT DISTINCT P
  2  FROM PROFESOR, (SELECT DNI,FI,CASE WHEN FF IS NULL THEN SYSDATE ELSE FF END AS FF FROM PLAN_DOCENTE);

P                                                                                                                                                     
------------------------------------------------------------                                                                                          
MARIO                                                                                                                                                 
JUAN                                                                                                                                                  
PEDRO                                                                                                                                                 
FRANCISCO                                                                                                                                             
SOLEDAD                                                                                                                                               
CARLOS                                                                                                                                                
IVAN                                                                                                                                                  
CARMEN                                                                                                                                                
DAVID                                                                                                                                                 
MARIA                                                                                                                                                 
JOSE MANUEL                                                                                                                                           
ANGELA                                                                                                                                                

12 rows selected.

SQL> SELECT DISTINCT P, DNI, FI, CASE WHEN FF IS NULL THEN SYSDATE ELSE FF END AS FF
  2  FROM PROFESOR, PLAN_DOCENTE;
SELECT DISTINCT P, DNI, FI, CASE WHEN FF IS NULL THEN SYSDATE ELSE FF END AS FF
                   *
ERROR at line 1:
ORA-00918: column ambiguously defined 


SQL> SELECT DISTINCT P, PROFESOR.DNI, FI, CASE WHEN FF IS NULL THEN SYSDATE ELSE FF END AS FF
  2  FROM PROFESOR, PLAN_DOCENTE;

P                                                                   DNI FI        FF                                                                  
------------------------------------------------------------ ---------- --------- ---------                                                           
JUAN                                                               1111 01-SEP-08 31-AUG-11                                                           
CARLOS                                                             2222 01-SEP-09 21-NOV-19                                                           
CARLOS                                                             2222 01-SEP-06 31-AUG-07                                                           
CARLOS                                                             2222 31-MAR-10 21-NOV-19                                                           
MARIA                                                              4444 01-SEP-08 21-NOV-19                                                           
MARIA                                                              4444 01-SEP-09 21-NOV-19                                                           
IVAN                                                               5555 01-SEP-08 21-NOV-19                                                           
IVAN                                                               5555 01-SEP-11 21-NOV-19                                                           
IVAN                                                               5555 01-SEP-07 31-AUG-09                                                           
CARMEN                                                             6666 01-SEP-05 31-AUG-08                                                           
CARMEN                                                             6666 01-SEP-08 21-NOV-19                                                           
FRANCISCO                                                          8888 01-SEP-11 21-NOV-19                                                           
FRANCISCO                                                          8888 01-SEP-10 21-NOV-19                                                           
ANGELA                                                             9999 01-SEP-06 31-AUG-07                                                           
DAVID                                                              1010 01-SEP-11 21-NOV-19                                                           
SOLEDAD                                                            2020 01-SEP-08 21-NOV-19                                                           
SOLEDAD                                                            2020 01-SEP-07 31-AUG-09                                                           
SOLEDAD                                                            2020 01-SEP-08 31-AUG-11                                                           
JOSE MANUEL                                                        3030 01-SEP-06 31-AUG-07                                                           
JUAN                                                               1111 01-SEP-11 21-NOV-19                                                           
JUAN                                                               1111 01-SEP-08 31-AUG-10                                                           
CARLOS                                                             2222 01-SEP-07 31-AUG-09                                                           
CARLOS                                                             2222 01-SEP-08 31-AUG-09                                                           
PEDRO                                                              3333 01-SEP-10 21-NOV-19                                                           
PEDRO                                                              3333 01-SEP-09 21-NOV-19                                                           
MARIA                                                              4444 01-SEP-11 21-NOV-19                                                           
IVAN                                                               5555 01-SEP-09 21-NOV-19                                                           
CARMEN                                                             6666 01-SEP-10 21-NOV-19                                                           
MARIO                                                              7777 01-SEP-08 31-AUG-09                                                           
FRANCISCO                                                          8888 01-SEP-05 31-AUG-08                                                           
DAVID                                                              1010 01-SEP-10 21-NOV-19                                                           
JOSE MANUEL                                                        3030 01-SEP-10 21-NOV-19                                                           
JOSE MANUEL                                                        3030 31-MAR-10 21-NOV-19                                                           
CARLOS                                                             2222 01-SEP-11 21-NOV-19                                                           
PEDRO                                                              3333 01-SEP-08 31-AUG-10                                                           
MARIA                                                              4444 01-SEP-05 31-AUG-08                                                           
MARIA                                                              4444 01-SEP-07 31-AUG-09                                                           
MARIA                                                              4444 31-MAR-10 21-NOV-19                                                           
IVAN                                                               5555 01-SEP-05 31-AUG-08                                                           
IVAN                                                               5555 01-SEP-06 31-AUG-07                                                           
IVAN                                                               5555 31-MAR-10 21-NOV-19                                                           
CARMEN                                                             6666 01-SEP-07 31-AUG-09                                                           
CARMEN                                                             6666 31-MAR-10 21-NOV-19                                                           
MARIO                                                              7777 01-SEP-05 31-AUG-08                                                           
MARIO                                                              7777 01-SEP-08 31-AUG-11                                                           
FRANCISCO                                                          8888 01-SEP-08 21-NOV-19                                                           
FRANCISCO                                                          8888 31-MAR-10 21-NOV-19                                                           
DAVID                                                              1010 01-SEP-08 21-NOV-19                                                           
DAVID                                                              1010 01-SEP-08 31-AUG-10                                                           
DAVID                                                              1010 01-SEP-07 31-AUG-09                                                           
DAVID                                                              1010 01-SEP-06 31-AUG-07                                                           
SOLEDAD                                                            2020 01-SEP-11 21-NOV-19                                                           
SOLEDAD                                                            2020 01-SEP-09 21-NOV-19                                                           
JOSE MANUEL                                                        3030 01-SEP-08 21-NOV-19                                                           
JUAN                                                               1111 01-SEP-08 21-NOV-19                                                           
CARLOS                                                             2222 01-SEP-08 31-AUG-11                                                           
PEDRO                                                              3333 01-SEP-05 31-AUG-08                                                           
PEDRO                                                              3333 01-SEP-07 31-AUG-09                                                           
PEDRO                                                              3333 01-SEP-08 31-AUG-11                                                           
MARIA                                                              4444 01-SEP-08 31-AUG-10                                                           
MARIA                                                              4444 01-SEP-06 31-AUG-07                                                           
IVAN                                                               5555 01-SEP-08 31-AUG-10                                                           
MARIO                                                              7777 01-SEP-08 21-NOV-19                                                           
MARIO                                                              7777 01-SEP-07 31-AUG-09                                                           
FRANCISCO                                                          8888 01-SEP-07 31-AUG-09                                                           
FRANCISCO                                                          8888 01-SEP-06 31-AUG-07                                                           
FRANCISCO                                                          8888 01-SEP-08 31-AUG-11                                                           
DAVID                                                              1010 01-SEP-09 21-NOV-19                                                           
DAVID                                                              1010 31-MAR-10 21-NOV-19                                                           
SOLEDAD                                                            2020 01-SEP-10 21-NOV-19                                                           
JOSE MANUEL                                                        3030 01-SEP-08 31-AUG-10                                                           
JOSE MANUEL                                                        3030 01-SEP-07 31-AUG-09                                                           
JUAN                                                               1111 01-SEP-05 31-AUG-08                                                           
JUAN                                                               1111 01-SEP-10 21-NOV-19                                                           
JUAN                                                               1111 01-SEP-07 31-AUG-09                                                           
JUAN                                                               1111 01-SEP-06 31-AUG-07                                                           
CARLOS                                                             2222 01-SEP-05 31-AUG-08                                                           
CARLOS                                                             2222 01-SEP-08 21-NOV-19                                                           
PEDRO                                                              3333 01-SEP-08 21-NOV-19                                                           
PEDRO                                                              3333 01-SEP-11 21-NOV-19                                                           
PEDRO                                                              3333 01-SEP-08 31-AUG-09                                                           
FRANCISCO                                                          8888 01-SEP-08 31-AUG-10                                                           
DAVID                                                              1010 01-SEP-05 31-AUG-08                                                           
SOLEDAD                                                            2020 01-SEP-08 31-AUG-10                                                           
JOSE MANUEL                                                        3030 01-SEP-05 31-AUG-08                                                           
JOSE MANUEL                                                        3030 01-SEP-08 31-AUG-09                                                           
JUAN                                                               1111 01-SEP-09 21-NOV-19                                                           
CARLOS                                                             2222 01-SEP-08 31-AUG-10                                                           
PEDRO                                                              3333 01-SEP-06 31-AUG-07                                                           
PEDRO                                                              3333 31-MAR-10 21-NOV-19                                                           
MARIA                                                              4444 01-SEP-10 21-NOV-19                                                           
IVAN                                                               5555 01-SEP-08 31-AUG-09                                                           
CARMEN                                                             6666 01-SEP-09 21-NOV-19                                                           
MARIO                                                              7777 01-SEP-08 31-AUG-10                                                           
MARIO                                                              7777 31-MAR-10 21-NOV-19                                                           
ANGELA                                                             9999 01-SEP-07 31-AUG-09                                                           
ANGELA                                                             9999 01-SEP-08 31-AUG-09                                                           
SOLEDAD                                                            2020 31-MAR-10 21-NOV-19                                                           
JOSE MANUEL                                                        3030 01-SEP-11 21-NOV-19                                                           
JUAN                                                               1111 31-MAR-10 21-NOV-19                                                           
CARLOS                                                             2222 01-SEP-10 21-NOV-19                                                           
MARIA                                                              4444 01-SEP-08 31-AUG-09                                                           
MARIA                                                              4444 01-SEP-08 31-AUG-11                                                           
IVAN                                                               5555 01-SEP-08 31-AUG-11                                                           
CARMEN                                                             6666 01-SEP-11 21-NOV-19                                                           
CARMEN                                                             6666 01-SEP-08 31-AUG-10                                                           
CARMEN                                                             6666 01-SEP-08 31-AUG-09                                                           
MARIO                                                              7777 01-SEP-06 31-AUG-07                                                           
FRANCISCO                                                          8888 01-SEP-08 31-AUG-09                                                           
DAVID                                                              1010 01-SEP-08 31-AUG-09                                                           
SOLEDAD                                                            2020 01-SEP-05 31-AUG-08                                                           
JUAN                                                               1111 01-SEP-08 31-AUG-09                                                           
IVAN                                                               5555 01-SEP-10 21-NOV-19                                                           
CARMEN                                                             6666 01-SEP-06 31-AUG-07                                                           
CARMEN                                                             6666 01-SEP-08 31-AUG-11                                                           
MARIO                                                              7777 01-SEP-11 21-NOV-19                                                           
MARIO                                                              7777 01-SEP-10 21-NOV-19                                                           
MARIO                                                              7777 01-SEP-09 21-NOV-19                                                           
FRANCISCO                                                          8888 01-SEP-09 21-NOV-19                                                           
ANGELA                                                             9999 01-SEP-05 31-AUG-08                                                           
ANGELA                                                             9999 01-SEP-08 21-NOV-19                                                           
ANGELA                                                             9999 01-SEP-11 21-NOV-19                                                           
ANGELA                                                             9999 01-SEP-08 31-AUG-10                                                           
ANGELA                                                             9999 01-SEP-10 21-NOV-19                                                           
ANGELA                                                             9999 01-SEP-09 21-NOV-19                                                           
ANGELA                                                             9999 31-MAR-10 21-NOV-19                                                           
ANGELA                                                             9999 01-SEP-08 31-AUG-11                                                           
DAVID                                                              1010 01-SEP-08 31-AUG-11                                                           
SOLEDAD                                                            2020 01-SEP-06 31-AUG-07                                                           
SOLEDAD                                                            2020 01-SEP-08 31-AUG-09                                                           
JOSE MANUEL                                                        3030 01-SEP-09 21-NOV-19                                                           
JOSE MANUEL                                                        3030 01-SEP-08 31-AUG-11                                                           

132 rows selected.

SQL> SELECT DISTINCT P, DNI, FI, CASE WHEN FF IS NULL THEN SYSDATE ELSE FF END AS FF
  2  FROM PROFESOR, PLAN_DOCENTE;
SELECT DISTINCT P, DNI, FI, CASE WHEN FF IS NULL THEN SYSDATE ELSE FF END AS FF
                   *
ERROR at line 1:
ORA-00918: column ambiguously defined 


SQL> SELECT DISTINCT P, DNI, FI, CASE WHEN FF IS NULL THEN SYSDATE ELSE FF END AS FF
  2  FROM PROFESOR, PLAN_DOCENTE
  3  WHERE PROFESOR.DNI = PLAN_DOCENTE.DNI;
SELECT DISTINCT P, DNI, FI, CASE WHEN FF IS NULL THEN SYSDATE ELSE FF END AS FF
                   *
ERROR at line 1:
ORA-00918: column ambiguously defined 


SQL> SELECT DISTINCT P, PROFESOR.DNI, FI, CASE WHEN FF IS NULL THEN SYSDATE ELSE FF END AS FF
  2  FROM PROFESOR, PLAN_DOCENTE
  3  WHERE PROFESOR.DNI = PLAN_DOCENTE.DNI;

P                                                                   DNI FI        FF                                                                  
------------------------------------------------------------ ---------- --------- ---------                                                           
MARIA                                                              4444 01-SEP-08 31-AUG-10                                                           
DAVID                                                              1010 01-SEP-05 31-AUG-08                                                           
PEDRO                                                              3333 01-SEP-09 21-NOV-19                                                           
IVAN                                                               5555 31-MAR-10 21-NOV-19                                                           
DAVID                                                              1010 01-SEP-08 31-AUG-09                                                           
ANGELA                                                             9999 01-SEP-10 21-NOV-19                                                           
JUAN                                                               1111 01-SEP-09 21-NOV-19                                                           
SOLEDAD                                                            2020 01-SEP-08 21-NOV-19                                                           
JOSE MANUEL                                                        3030 01-SEP-09 21-NOV-19                                                           
FRANCISCO                                                          8888 01-SEP-09 21-NOV-19                                                           
CARLOS                                                             2222 01-SEP-09 21-NOV-19                                                           
MARIO                                                              7777 01-SEP-10 21-NOV-19                                                           
DAVID                                                              1010 01-SEP-09 21-NOV-19                                                           
CARLOS                                                             2222 01-SEP-06 31-AUG-07                                                           
MARIA                                                              4444 01-SEP-11 21-NOV-19                                                           
CARMEN                                                             6666 01-SEP-08 31-AUG-11                                                           
JUAN                                                               1111 01-SEP-07 31-AUG-09                                                           
PEDRO                                                              3333 01-SEP-08 21-NOV-19                                                           
MARIA                                                              4444 01-SEP-10 21-NOV-19                                                           

19 rows selected.

SQL> CREATE VIEW PLAN_PROFESOR_FECHA AS
  2  SELECT DISTINCT P, PROFESOR.DNI, FI, CASE WHEN FF IS NULL THEN SYSDATE ELSE FF END AS FF
  3  FROM PROFESOR, PLAN_DOCENTE
  4  WHERE PROFESOR.DNI = PLAN_DOCENTE.DNI;

View created.

SQL> SELECT DISTINCT P
  2  FROM PLAN_PROFESOR_FECHA
  3  WHERE 365 > (TO_DATE(FF, 'DD-MM-YYYY') - TO_DATE(FI, 'DD-MM-YYYY'));

P                                                                                                                                                     
------------------------------------------------------------                                                                                          
CARLOS                                                                                                                                                
DAVID                                                                                                                                                 

SQL> SELECT DISTINCT P
  2  FROM PLAN_PROFESOR_FECHA
  3  WHERE 365 < (TO_DATE(FF, 'DD-MM-YYYY') - TO_DATE(FI, 'DD-MM-YYYY'));

P                                                                                                                                                     
------------------------------------------------------------                                                                                          
MARIO                                                                                                                                                 
JUAN                                                                                                                                                  
PEDRO                                                                                                                                                 
FRANCISCO                                                                                                                                             
SOLEDAD                                                                                                                                               
CARLOS                                                                                                                                                
IVAN                                                                                                                                                  
CARMEN                                                                                                                                                
DAVID                                                                                                                                                 
MARIA                                                                                                                                                 
JOSE MANUEL                                                                                                                                           
ANGELA                                                                                                                                                

12 rows selected.

SQL> ACABO DE TERMINAR LA 6
SP2-0734: unknown command beginning "ACABO DE T..." - rest of line ignored.
SQL> SPOOL OFF
