SQL> SET PAGESIZE 250
SQL> SET LINESIZE 150
SQL> SAVEPOINT INICIO;

Savepoint created.

SQL> SELECT *
  2  FROM PROFESOR;

       DNI P                                                                   CAR CAT                                                                
---------- ------------------------------------------------------------ ---------- -----                                                              
      1111 JUAN                                                                  6 CU                                                                 
      2222 CARLOS                                                                7 TU                                                                 
      3333 PEDRO                                                                 4 TEU                                                                
      4444 MARIA                                                                 7 TU                                                                 
      5555 IVAN                                                                  1 CEU                                                                
      6666 CARMEN                                                                3 CD                                                                 
      7777 MARIO                                                                 2 TU                                                                 
      8888 FRANCISCO                                                             5 TU                                                                 
      9999 ANGELA                                                                8 TEU                                                                
      1010 DAVID                                                                 4 TU                                                                 
      2020 SOLEDAD                                                               7 CU                                                                 
      3030 JOSE MANUEL                                                           6 TEU                                                                

12 rows selected.

SQL> INSERT INTO PROFESOR
  2  VALUES (4040, 'CARMELO', 7, TU);
VALUES (4040, 'CARMELO', 7, TU)
                            *
ERROR at line 2:
ORA-00984: column not allowed here 


SQL> INSERT INTO PROFESOR
  2  VALUES (4040, 'CARMELO', 7, 'TU');

1 row created.

SQL> SELECT *
  2  FROM PROFESOR;

       DNI P                                                                   CAR CAT                                                                
---------- ------------------------------------------------------------ ---------- -----                                                              
      4040 CARMELO                                                               7 TU                                                                 
      1111 JUAN                                                                  6 CU                                                                 
      2222 CARLOS                                                                7 TU                                                                 
      3333 PEDRO                                                                 4 TEU                                                                
      4444 MARIA                                                                 7 TU                                                                 
      5555 IVAN                                                                  1 CEU                                                                
      6666 CARMEN                                                                3 CD                                                                 
      7777 MARIO                                                                 2 TU                                                                 
      8888 FRANCISCO                                                             5 TU                                                                 
      9999 ANGELA                                                                8 TEU                                                                
      1010 DAVID                                                                 4 TU                                                                 
      2020 SOLEDAD                                                               7 CU                                                                 
      3030 JOSE MANUEL                                                           6 TEU                                                                

13 rows selected.

SQL> ROLLBACK INICIO
  2  ;
ROLLBACK INICIO
         *
ERROR at line 1:
ORA-02181: invalid option to ROLLBACK WORK 


SQL> ROLLBACK WORK INICIO
  2  ;
ROLLBACK WORK INICIO
              *
ERROR at line 1:
ORA-02181: invalid option to ROLLBACK WORK 


SQL> ROLLBACK WORK;

Rollback complete.

SQL> SELECT *
  2  FROM PROFESOR;

       DNI P                                                                   CAR CAT                                                                
---------- ------------------------------------------------------------ ---------- -----                                                              
      1111 JUAN                                                                  6 CU                                                                 
      2222 CARLOS                                                                7 TU                                                                 
      3333 PEDRO                                                                 4 TEU                                                                
      4444 MARIA                                                                 7 TU                                                                 
      5555 IVAN                                                                  1 CEU                                                                
      6666 CARMEN                                                                3 CD                                                                 
      7777 MARIO                                                                 2 TU                                                                 
      8888 FRANCISCO                                                             5 TU                                                                 
      9999 ANGELA                                                                8 TEU                                                                
      1010 DAVID                                                                 4 TU                                                                 
      2020 SOLEDAD                                                               7 CU                                                                 
      3030 JOSE MANUEL                                                           6 TEU                                                                

12 rows selected.

SQL> INSERT INTO PROFESOR
  2  VALUES (4040, 'CARMELO', 7, 'TU');

1 row created.

SQL> COMMIT WORK
  2  FOR
  3  ;
FOR
*
ERROR at line 2:
ORA-02185: a token other than WORK follows COMMIT 


SQL> COMMIT WORK;

Commit complete.

SQL> SAVEPOINT AFTER7
  2  ;

Savepoint created.

SQL> INSERT INTO PROFESOR
  2  VALUES (5050, 'CARINA', 9, 'CEU');
INSERT INTO PROFESOR
*
ERROR at line 1:
ORA-02291: integrity constraint (ALU0100898026.SYS_C0017828) violated - parent key not found 


SQL> INSERT INTO PROFESOR
  2  VALUES (5050, 'CARINA', 8, 'CEU');

1 row created.

SQL> SELECT *
  2  FROM PROFESOR;

       DNI P                                                                   CAR CAT                                                                
---------- ------------------------------------------------------------ ---------- -----                                                              
      4040 CARMELO                                                               7 TU                                                                 
      5050 CARINA                                                                8 CEU                                                                
      1111 JUAN                                                                  6 CU                                                                 
      2222 CARLOS                                                                7 TU                                                                 
      3333 PEDRO                                                                 4 TEU                                                                
      4444 MARIA                                                                 7 TU                                                                 
      5555 IVAN                                                                  1 CEU                                                                
      6666 CARMEN                                                                3 CD                                                                 
      7777 MARIO                                                                 2 TU                                                                 
      8888 FRANCISCO                                                             5 TU                                                                 
      9999 ANGELA                                                                8 TEU                                                                
      1010 DAVID                                                                 4 TU                                                                 
      2020 SOLEDAD                                                               7 CU                                                                 
      3030 JOSE MANUEL                                                           6 TEU                                                                

14 rows selected.

SQL> COMMIT WORK;

Commit complete.

SQL> DELETE FROM PLAN_DOCENTE
  2  WHERE DNI = 4444;

3 rows deleted.

SQL> SELECT *
  2  FROM PLAN_DOCENTE
  3  
SQL> SELECT *
  2  FROM PLAN_DOCENTE
  3  WHERE DNI = 4444;

no rows selected

SQL> SAVEPOINT P1
  2  
SQL> 
SQL> SAVEPOINT P1;

Savepoint created.

SQL> DELETE FROM PLAN_DOCENTE
  2  WHERE DNI = 1010;

3 rows deleted.

SQL> SAVEPOINT P2;

Savepoint created.

SQL> DELETE FROM PLAN_DOCENTE
  2  WHERE DNI = 2222;

2 rows deleted.

SQL> SELECT *
  2  FROM PLAN_DOCENTE;

       DNI        CAS        CTA        CPA        CLA FI        FF                                                                                   
---------- ---------- ---------- ---------- ---------- --------- ---------                                                                            
      3333          2        1.5        1.5          3 01-SEP-08                                                                                      
      1111          8          3        1.5        1.5 01-SEP-07 31-AUG-09                                                                            
      1111          8          3          0          0 01-SEP-09                                                                                      
      3030          8          0        1.5        1.5 01-SEP-09                                                                                      
      9999          7          3          3          0 01-SEP-10                                                                                      
      5555          6          3          3          0 31-MAR-10                                                                                      
      6666         10          3        1.5        1.5 01-SEP-08 31-AUG-11                                                                            
      8888         11          6          0          0 01-SEP-09                                                                                      
      2020          3        1.5          0        1.5 01-SEP-08                                                                                      
      7777         12        4.5          3          0 01-SEP-10                                                                                      
      3333          9        1.5          0        1.5 01-SEP-09                                                                                      

11 rows selected.

SQL> INSERT INTO PLAN_DOCENTE
  2  VALUES (1010, 9, 1.5, 0, 1.5, '01-SEP-09', NULL);

1 row created.

SQL> SELECT *
  2  FROM PLAN_DOCENTE;

       DNI        CAS        CTA        CPA        CLA FI        FF                                                                                   
---------- ---------- ---------- ---------- ---------- --------- ---------                                                                            
      3333          2        1.5        1.5          3 01-SEP-08                                                                                      
      1010          9        1.5          0        1.5 01-SEP-09                                                                                      
      1111          8          3        1.5        1.5 01-SEP-07 31-AUG-09                                                                            
      1111          8          3          0          0 01-SEP-09                                                                                      
      3030          8          0        1.5        1.5 01-SEP-09                                                                                      
      9999          7          3          3          0 01-SEP-10                                                                                      
      5555          6          3          3          0 31-MAR-10                                                                                      
      6666         10          3        1.5        1.5 01-SEP-08 31-AUG-11                                                                            
      8888         11          6          0          0 01-SEP-09                                                                                      
      2020          3        1.5          0        1.5 01-SEP-08                                                                                      
      7777         12        4.5          3          0 01-SEP-10                                                                                      
      3333          9        1.5          0        1.5 01-SEP-09                                                                                      

12 rows selected.

SQL> ROLLBACK WORK P2;
ROLLBACK WORK P2
              *
ERROR at line 1:
ORA-02181: invalid option to ROLLBACK WORK 


SQL> ROLLBACK SAVEPOINT P2;
ROLLBACK SAVEPOINT P2
         *
ERROR at line 1:
ORA-02181: invalid option to ROLLBACK WORK 


SQL> ROLLBACK TO P2;

Rollback complete.

SQL> SELECT *
  2  FROM PLAN_DOCENTE;

       DNI        CAS        CTA        CPA        CLA FI        FF                                                                                   
---------- ---------- ---------- ---------- ---------- --------- ---------                                                                            
      3333          2        1.5        1.5          3 01-SEP-08                                                                                      
      1111          8          3        1.5        1.5 01-SEP-07 31-AUG-09                                                                            
      1111          8          3          0          0 01-SEP-09                                                                                      
      3030          8          0        1.5        1.5 01-SEP-09                                                                                      
      2222          4        1.5          0        1.5 01-SEP-09                                                                                      
      2222          3        1.5          0        1.5 01-SEP-06 31-AUG-07                                                                            
      9999          7          3          3          0 01-SEP-10                                                                                      
      5555          6          3          3          0 31-MAR-10                                                                                      
      6666         10          3        1.5        1.5 01-SEP-08 31-AUG-11                                                                            
      8888         11          6          0          0 01-SEP-09                                                                                      
      2020          3        1.5          0        1.5 01-SEP-08                                                                                      
      7777         12        4.5          3          0 01-SEP-10                                                                                      
      3333          9        1.5          0        1.5 01-SEP-09                                                                                      

13 rows selected.

SQL> ROLLBACK TO P1
  2  
SQL> ROLLBACK TO P1;

Rollback complete.

SQL> SELECT *
  2  FROM PLAN_DOCENTE;

       DNI        CAS        CTA        CPA        CLA FI        FF                                                                                   
---------- ---------- ---------- ---------- ---------- --------- ---------                                                                            
      1010          2        1.5        1.5          3 01-SEP-05 31-AUG-08                                                                            
      3333          2        1.5        1.5          3 01-SEP-08                                                                                      
      1111          8          3        1.5        1.5 01-SEP-07 31-AUG-09                                                                            
      1111          8          3          0          0 01-SEP-09                                                                                      
      3030          8          0        1.5        1.5 01-SEP-09                                                                                      
      2222          4        1.5          0        1.5 01-SEP-09                                                                                      
      2222          3        1.5          0        1.5 01-SEP-06 31-AUG-07                                                                            
      1010          9          3          0          3 01-SEP-08 31-AUG-09                                                                            
      1010          9        1.5          0        1.5 01-SEP-09                                                                                      
      9999          7          3          3          0 01-SEP-10                                                                                      
      5555          6          3          3          0 31-MAR-10                                                                                      
      6666         10          3        1.5        1.5 01-SEP-08 31-AUG-11                                                                            
      8888         11          6          0          0 01-SEP-09                                                                                      
      2020          3        1.5          0        1.5 01-SEP-08                                                                                      
      7777         12        4.5          3          0 01-SEP-10                                                                                      
      3333          9        1.5          0        1.5 01-SEP-09                                                                                      

16 rows selected.

SQL> ROLLBACK TO INICIO;
ROLLBACK TO INICIO
*
ERROR at line 1:
ORA-01086: savepoint 'INICIO' never established in this session or is invalid 


SQL> ROLLBACK TO AFTER7;
ROLLBACK TO AFTER7
*
ERROR at line 1:
ORA-01086: savepoint 'AFTER7' never established in this session or is invalid 


SQL> ROLLBACK TRAN INICIO
  2  ;
ROLLBACK TRAN INICIO
         *
ERROR at line 1:
ORA-02181: invalid option to ROLLBACK WORK 


SQL> ROLLBACK WORK;

Rollback complete.

SQL> SELECT *
  2  FROM PLAN_DOCENTE;

       DNI        CAS        CTA        CPA        CLA FI        FF                                                                                   
---------- ---------- ---------- ---------- ---------- --------- ---------                                                                            
      1010          2        1.5        1.5          3 01-SEP-05 31-AUG-08                                                                            
      3333          2        1.5        1.5          3 01-SEP-08                                                                                      
      4444          1          3        1.5        1.5 01-SEP-11                                                                                      
      4444          4        1.5          0        1.5 01-SEP-08 31-AUG-10                                                                            
      4444          5          3          0          0 01-SEP-10                                                                                      
      1111          8          3        1.5        1.5 01-SEP-07 31-AUG-09                                                                            
      1111          8          3          0          0 01-SEP-09                                                                                      
      3030          8          0        1.5        1.5 01-SEP-09                                                                                      
      2222          4        1.5          0        1.5 01-SEP-09                                                                                      
      2222          3        1.5          0        1.5 01-SEP-06 31-AUG-07                                                                            
      1010          9          3          0          3 01-SEP-08 31-AUG-09                                                                            
      1010          9        1.5          0        1.5 01-SEP-09                                                                                      
      9999          7          3          3          0 01-SEP-10                                                                                      
      5555          6          3          3          0 31-MAR-10                                                                                      
      6666         10          3        1.5        1.5 01-SEP-08 31-AUG-11                                                                            
      8888         11          6          0          0 01-SEP-09                                                                                      
      2020          3        1.5          0        1.5 01-SEP-08                                                                                      
      7777         12        4.5          3          0 01-SEP-10                                                                                      
      3333          9        1.5          0        1.5 01-SEP-09                                                                                      

19 rows selected.

SQL> SELECT *
  2  FROM PROFESOR;

       DNI P                                                                   CAR CAT                                                                
---------- ------------------------------------------------------------ ---------- -----                                                              
      4040 CARMELO                                                               7 TU                                                                 
      5050 CARINA                                                                8 CEU                                                                
      1111 JUAN                                                                  6 CU                                                                 
      2222 CARLOS                                                                7 TU                                                                 
      3333 PEDRO                                                                 4 TEU                                                                
      4444 MARIA                                                                 7 TU                                                                 
      5555 IVAN                                                                  1 CEU                                                                
      6666 CARMEN                                                                3 CD                                                                 
      7777 MARIO                                                                 2 TU                                                                 
      8888 FRANCISCO                                                             5 TU                                                                 
      9999 ANGELA                                                                8 TEU                                                                
      1010 DAVID                                                                 4 TU                                                                 
      2020 SOLEDAD                                                               7 CU                                                                 
      3030 JOSE MANUEL                                                           6 TEU                                                                

14 rows selected.

SQL> SPOOL OFF
